src/app/api/assignments/route.ts(16,32): error TS2339: Property 'id' does not exist on type '{ name?: string | null | undefined; email?: string | null | undefined; image?: string | null | undefined; }'.
src/app/api/assignments/route.ts(64,32): error TS2339: Property 'id' does not exist on type '{ name?: string | null | undefined; email?: string | null | undefined; image?: string | null | undefined; }'.
src/app/api/courses/route.ts(16,31): error TS2339: Property 'id' does not exist on type '{ name?: string | null | undefined; email?: string | null | undefined; image?: string | null | undefined; }'.
src/app/api/courses/route.ts(50,31): error TS2339: Property 'id' does not exist on type '{ name?: string | null | undefined; email?: string | null | undefined; image?: string | null | undefined; }'.
src/app/courses/page.tsx(18,36): error TS2339: Property 'id' does not exist on type '{ name?: string | null | undefined; email?: string | null | undefined; image?: string | null | undefined; }'.
src/components/assignments/AssignmentForm.tsx(41,5): error TS2353: Object literal may only specify known properties, and 'required_error' does not exist in type '{ error?: string | $ZodErrorMap<$ZodIssueInvalidType<unknown>> | undefined; message?: string | undefined; }'.
src/components/assignments/AssignmentForm.tsx(70,5): error TS2322: Type 'Resolver<{ title: string; dueDate: Date; weight: unknown; estimatedHours: unknown; courseId?: string | undefined; }, any, { title: string; dueDate: Date; weight: number; estimatedHours: number; courseId?: string | undefined; }>' is not assignable to type 'Resolver<{ title: string; dueDate: Date; weight: number; estimatedHours: number; courseId?: string | undefined; }, any, { title: string; dueDate: Date; weight: number; estimatedHours: number; courseId?: string | undefined; }>'.
  Types of parameters 'options' and 'options' are incompatible.
    Type 'ResolverOptions<{ title: string; dueDate: Date; weight: number; estimatedHours: number; courseId?: string | undefined; }>' is not assignable to type 'ResolverOptions<{ title: string; dueDate: Date; weight: unknown; estimatedHours: unknown; courseId?: string | undefined; }>'.
      Type 'unknown' is not assignable to type 'number'.
src/components/assignments/AssignmentForm.tsx(105,41): error TS2345: Argument of type '(values: { title: string; dueDate: Date; weight: number; estimatedHours: number; courseId?: string | undefined; }) => Promise<void>' is not assignable to parameter of type 'SubmitHandler<TFieldValues>'.
  Types of parameters 'values' and 'data' are incompatible.
    Type 'TFieldValues' is not assignable to type '{ title: string; dueDate: Date; weight: number; estimatedHours: number; courseId?: string | undefined; }'.
      Type 'FieldValues' is missing the following properties from type '{ title: string; dueDate: Date; weight: number; estimatedHours: number; courseId?: string | undefined; }': title, dueDate, weight, estimatedHours
src/components/assignments/AssignmentForm.tsx(107,11): error TS2322: Type 'Control<{ title: string; dueDate: Date; weight: number; estimatedHours: number; courseId?: string | undefined; }, any, TFieldValues>' is not assignable to type 'Control<{ title: string; dueDate: Date; weight: number; estimatedHours: number; courseId?: string | undefined; }, any, { title: string; dueDate: Date; weight: number; estimatedHours: number; courseId?: string | undefined; }>'.
  The types of '_options.resolver' are incompatible between these types.
    Type 'Resolver<{ title: string; dueDate: Date; weight: number; estimatedHours: number; courseId?: string | undefined; }, any, TFieldValues> | undefined' is not assignable to type 'Resolver<{ title: string; dueDate: Date; weight: number; estimatedHours: number; courseId?: string | undefined; }, any, { title: string; dueDate: Date; weight: number; estimatedHours: number; courseId?: string | undefined; }> | undefined'.
      Type 'Resolver<{ title: string; dueDate: Date; weight: number; estimatedHours: number; courseId?: string | undefined; }, any, TFieldValues>' is not assignable to type 'Resolver<{ title: string; dueDate: Date; weight: number; estimatedHours: number; courseId?: string | undefined; }, any, { title: string; dueDate: Date; weight: number; estimatedHours: number; courseId?: string | undefined; }>'.
        Type 'ResolverResult<{ title: string; dueDate: Date; weight: number; estimatedHours: number; courseId?: string | undefined; }, TFieldValues> | Promise<ResolverResult<{ ...; }, TFieldValues>>' is not assignable to type 'ResolverResult<{ title: string; dueDate: Date; weight: number; estimatedHours: number; courseId?: string | undefined; }, { title: string; dueDate: Date; weight: number; estimatedHours: number; courseId?: string | undefined; }> | Promise<...>'.
          Type 'ResolverSuccess<TFieldValues>' is not assignable to type 'ResolverResult<{ title: string; dueDate: Date; weight: number; estimatedHours: number; courseId?: string | undefined; }, { title: string; dueDate: Date; weight: number; estimatedHours: number; courseId?: string | undefined; }> | Promise<...>'.
            Type 'ResolverSuccess<TFieldValues>' is not assignable to type 'ResolverSuccess<{ title: string; dueDate: Date; weight: number; estimatedHours: number; courseId?: string | undefined; }>'.
              Type 'TFieldValues' is not assignable to type '{ title: string; dueDate: Date; weight: number; estimatedHours: number; courseId?: string | undefined; }'.
                Type 'FieldValues' is missing the following properties from type '{ title: string; dueDate: Date; weight: number; estimatedHours: number; courseId?: string | undefined; }': title, dueDate, weight, estimatedHours
src/components/assignments/AssignmentForm.tsx(125,13): error TS2322: Type 'Control<{ title: string; dueDate: Date; weight: number; estimatedHours: number; courseId?: string | undefined; }, any, TFieldValues>' is not assignable to type 'Control<{ title: string; dueDate: Date; weight: number; estimatedHours: number; courseId?: string | undefined; }, any, { title: string; dueDate: Date; weight: number; estimatedHours: number; courseId?: string | undefined; }>'.
  The types of '_options.resolver' are incompatible between these types.
    Type 'Resolver<{ title: string; dueDate: Date; weight: number; estimatedHours: number; courseId?: string | undefined; }, any, TFieldValues> | undefined' is not assignable to type 'Resolver<{ title: string; dueDate: Date; weight: number; estimatedHours: number; courseId?: string | undefined; }, any, { title: string; dueDate: Date; weight: number; estimatedHours: number; courseId?: string | undefined; }> | undefined'.
      Type 'Resolver<{ title: string; dueDate: Date; weight: number; estimatedHours: number; courseId?: string | undefined; }, any, TFieldValues>' is not assignable to type 'Resolver<{ title: string; dueDate: Date; weight: number; estimatedHours: number; courseId?: string | undefined; }, any, { title: string; dueDate: Date; weight: number; estimatedHours: number; courseId?: string | undefined; }>'.
        Type 'ResolverResult<{ title: string; dueDate: Date; weight: number; estimatedHours: number; courseId?: string | undefined; }, TFieldValues> | Promise<ResolverResult<{ ...; }, TFieldValues>>' is not assignable to type 'ResolverResult<{ title: string; dueDate: Date; weight: number; estimatedHours: number; courseId?: string | undefined; }, { title: string; dueDate: Date; weight: number; estimatedHours: number; courseId?: string | undefined; }> | Promise<...>'.
          Type 'ResolverSuccess<TFieldValues>' is not assignable to type 'ResolverResult<{ title: string; dueDate: Date; weight: number; estimatedHours: number; courseId?: string | undefined; }, { title: string; dueDate: Date; weight: number; estimatedHours: number; courseId?: string | undefined; }> | Promise<...>'.
            Type 'ResolverSuccess<TFieldValues>' is not assignable to type 'ResolverSuccess<{ title: string; dueDate: Date; weight: number; estimatedHours: number; courseId?: string | undefined; }>'.
              Type 'TFieldValues' is not assignable to type '{ title: string; dueDate: Date; weight: number; estimatedHours: number; courseId?: string | undefined; }'.
                Type 'FieldValues' is missing the following properties from type '{ title: string; dueDate: Date; weight: number; estimatedHours: number; courseId?: string | undefined; }': title, dueDate, weight, estimatedHours
src/components/assignments/AssignmentForm.tsx(170,13): error TS2322: Type 'Control<{ title: string; dueDate: Date; weight: number; estimatedHours: number; courseId?: string | undefined; }, any, TFieldValues>' is not assignable to type 'Control<{ title: string; dueDate: Date; weight: number; estimatedHours: number; courseId?: string | undefined; }, any, { title: string; dueDate: Date; weight: number; estimatedHours: number; courseId?: string | undefined; }>'.
  The types of '_options.resolver' are incompatible between these types.
    Type 'Resolver<{ title: string; dueDate: Date; weight: number; estimatedHours: number; courseId?: string | undefined; }, any, TFieldValues> | undefined' is not assignable to type 'Resolver<{ title: string; dueDate: Date; weight: number; estimatedHours: number; courseId?: string | undefined; }, any, { title: string; dueDate: Date; weight: number; estimatedHours: number; courseId?: string | undefined; }> | undefined'.
      Type 'Resolver<{ title: string; dueDate: Date; weight: number; estimatedHours: number; courseId?: string | undefined; }, any, TFieldValues>' is not assignable to type 'Resolver<{ title: string; dueDate: Date; weight: number; estimatedHours: number; courseId?: string | undefined; }, any, { title: string; dueDate: Date; weight: number; estimatedHours: number; courseId?: string | undefined; }>'.
        Type 'ResolverResult<{ title: string; dueDate: Date; weight: number; estimatedHours: number; courseId?: string | undefined; }, TFieldValues> | Promise<ResolverResult<{ ...; }, TFieldValues>>' is not assignable to type 'ResolverResult<{ title: string; dueDate: Date; weight: number; estimatedHours: number; courseId?: string | undefined; }, { title: string; dueDate: Date; weight: number; estimatedHours: number; courseId?: string | undefined; }> | Promise<...>'.
          Type 'ResolverSuccess<TFieldValues>' is not assignable to type 'ResolverResult<{ title: string; dueDate: Date; weight: number; estimatedHours: number; courseId?: string | undefined; }, { title: string; dueDate: Date; weight: number; estimatedHours: number; courseId?: string | undefined; }> | Promise<...>'.
            Type 'ResolverSuccess<TFieldValues>' is not assignable to type 'ResolverSuccess<{ title: string; dueDate: Date; weight: number; estimatedHours: number; courseId?: string | undefined; }>'.
              Type 'TFieldValues' is not assignable to type '{ title: string; dueDate: Date; weight: number; estimatedHours: number; courseId?: string | undefined; }'.
                Type 'FieldValues' is missing the following properties from type '{ title: string; dueDate: Date; weight: number; estimatedHours: number; courseId?: string | undefined; }': title, dueDate, weight, estimatedHours
src/components/assignments/AssignmentForm.tsx(187,13): error TS2322: Type 'Control<{ title: string; dueDate: Date; weight: number; estimatedHours: number; courseId?: string | undefined; }, any, TFieldValues>' is not assignable to type 'Control<{ title: string; dueDate: Date; weight: number; estimatedHours: number; courseId?: string | undefined; }, any, { title: string; dueDate: Date; weight: number; estimatedHours: number; courseId?: string | undefined; }>'.
  The types of '_options.resolver' are incompatible between these types.
    Type 'Resolver<{ title: string; dueDate: Date; weight: number; estimatedHours: number; courseId?: string | undefined; }, any, TFieldValues> | undefined' is not assignable to type 'Resolver<{ title: string; dueDate: Date; weight: number; estimatedHours: number; courseId?: string | undefined; }, any, { title: string; dueDate: Date; weight: number; estimatedHours: number; courseId?: string | undefined; }> | undefined'.
      Type 'Resolver<{ title: string; dueDate: Date; weight: number; estimatedHours: number; courseId?: string | undefined; }, any, TFieldValues>' is not assignable to type 'Resolver<{ title: string; dueDate: Date; weight: number; estimatedHours: number; courseId?: string | undefined; }, any, { title: string; dueDate: Date; weight: number; estimatedHours: number; courseId?: string | undefined; }>'.
        Type 'ResolverResult<{ title: string; dueDate: Date; weight: number; estimatedHours: number; courseId?: string | undefined; }, TFieldValues> | Promise<ResolverResult<{ ...; }, TFieldValues>>' is not assignable to type 'ResolverResult<{ title: string; dueDate: Date; weight: number; estimatedHours: number; courseId?: string | undefined; }, { title: string; dueDate: Date; weight: number; estimatedHours: number; courseId?: string | undefined; }> | Promise<...>'.
          Type 'ResolverSuccess<TFieldValues>' is not assignable to type 'ResolverResult<{ title: string; dueDate: Date; weight: number; estimatedHours: number; courseId?: string | undefined; }, { title: string; dueDate: Date; weight: number; estimatedHours: number; courseId?: string | undefined; }> | Promise<...>'.
            Type 'ResolverSuccess<TFieldValues>' is not assignable to type 'ResolverSuccess<{ title: string; dueDate: Date; weight: number; estimatedHours: number; courseId?: string | undefined; }>'.
              Type 'TFieldValues' is not assignable to type '{ title: string; dueDate: Date; weight: number; estimatedHours: number; courseId?: string | undefined; }'.
                Type 'FieldValues' is missing the following properties from type '{ title: string; dueDate: Date; weight: number; estimatedHours: number; courseId?: string | undefined; }': title, dueDate, weight, estimatedHours
src/components/assignments/AssignmentForm.tsx(203,13): error TS2322: Type 'Control<{ title: string; dueDate: Date; weight: number; estimatedHours: number; courseId?: string | undefined; }, any, TFieldValues>' is not assignable to type 'Control<{ title: string; dueDate: Date; weight: number; estimatedHours: number; courseId?: string | undefined; }, any, { title: string; dueDate: Date; weight: number; estimatedHours: number; courseId?: string | undefined; }>'.
  The types of '_options.resolver' are incompatible between these types.
    Type 'Resolver<{ title: string; dueDate: Date; weight: number; estimatedHours: number; courseId?: string | undefined; }, any, TFieldValues> | undefined' is not assignable to type 'Resolver<{ title: string; dueDate: Date; weight: number; estimatedHours: number; courseId?: string | undefined; }, any, { title: string; dueDate: Date; weight: number; estimatedHours: number; courseId?: string | undefined; }> | undefined'.
      Type 'Resolver<{ title: string; dueDate: Date; weight: number; estimatedHours: number; courseId?: string | undefined; }, any, TFieldValues>' is not assignable to type 'Resolver<{ title: string; dueDate: Date; weight: number; estimatedHours: number; courseId?: string | undefined; }, any, { title: string; dueDate: Date; weight: number; estimatedHours: number; courseId?: string | undefined; }>'.
        Type 'ResolverResult<{ title: string; dueDate: Date; weight: number; estimatedHours: number; courseId?: string | undefined; }, TFieldValues> | Promise<ResolverResult<{ ...; }, TFieldValues>>' is not assignable to type 'ResolverResult<{ title: string; dueDate: Date; weight: number; estimatedHours: number; courseId?: string | undefined; }, { title: string; dueDate: Date; weight: number; estimatedHours: number; courseId?: string | undefined; }> | Promise<...>'.
          Type 'ResolverSuccess<TFieldValues>' is not assignable to type 'ResolverResult<{ title: string; dueDate: Date; weight: number; estimatedHours: number; courseId?: string | undefined; }, { title: string; dueDate: Date; weight: number; estimatedHours: number; courseId?: string | undefined; }> | Promise<...>'.
            Type 'ResolverSuccess<TFieldValues>' is not assignable to type 'ResolverSuccess<{ title: string; dueDate: Date; weight: number; estimatedHours: number; courseId?: string | undefined; }>'.
              Type 'TFieldValues' is not assignable to type '{ title: string; dueDate: Date; weight: number; estimatedHours: number; courseId?: string | undefined; }'.
                Type 'FieldValues' is missing the following properties from type '{ title: string; dueDate: Date; weight: number; estimatedHours: number; courseId?: string | undefined; }': title, dueDate, weight, estimatedHours
